1. Registering user: testupdate_1767721704976@example.com
Registration failed or user exists, trying login...
node : Failed to 
authenticate: {
At line:1 char:97
+ ... e_modules"; 
node verify_encrypted
_image_upload.js > 
test_output.txt 2 ...
+                 ~~~
~~~~~~~~~~~~~~~~~~~~~
~~~~~~~~~~~~~~~~~~~~~
~~~~~~~~~~~~
    + CategoryInfo   
           : NotSpe  
  cified: (Failed    
 to authenticate:    
 {:String) [], R    
emoteException
    + FullyQualified 
   ErrorId : Native  
  CommandError
 
  message: 'User not 
found please sign 
up',
  stack: 'Error: 
User not found 
please sign up\n' +
    '    at C:\\Users
\\DUNKWURC\\Documents
\\project\\Learn\\she
lfwise-app\\backend\\
controllers\\userCont
roller.js:124:11\n' +
    '    at process.p
rocessTicksAndRejecti
ons (node:internal/pr
ocess/task_queues:105
:5)'
}
